[htmldemo.net/fultala/fultala/index.html]
[backblue.gif]
[fade.gif]
[index.html]
[htmldemo.net/fultala/fultala/assets/images/favicon.ico]
[htmldemo.net/fultala/fultala/assets/css/vendor/bootstrap.min.css]
[htmldemo.net/fultala/fultala/assets/css/vendor/ionicons.min.css]
[htmldemo.net/fultala/fultala/assets/css/plugins/slick.css]
[htmldemo.net/fultala/fultala/assets/css/plugins/jqueryui.min.css]
[htmldemo.net/fultala/fultala/assets/css/plugins/animation.css]
[htmldemo.net/fultala/fultala/assets/images/logo/logo.png]
[htmldemo.net/fultala/fultala/assets/css/style.css]
[htmldemo.net/fultala/fultala/index-2.html]
[htmldemo.net/fultala/fultala/index-box.html]
[htmldemo.net/fultala/fultala/index-2-box.html]
[htmldemo.net/fultala/fultala/shop.html]
[htmldemo.net/fultala/fultala/compare.html]
[htmldemo.net/fultala/fultala/login-register.html]
[htmldemo.net/fultala/fultala/my-account.html]
[htmldemo.net/fultala/fultala/blog.html]
[htmldemo.net/fultala/fultala/product-details.html]
[htmldemo.net/fultala/fultala/product-details-2.html]
[htmldemo.net/fultala/fultala/error404.html]
[htmldemo.net/fultala/fultala/checkout.html]
[htmldemo.net/fultala/fultala/cart.html]
[htmldemo.net/fultala/fultala/wishlist.html]
[htmldemo.net/fultala/fultala/shop-right.html]
[htmldemo.net/fultala/fultala/shop-fullwidth.html]
[htmldemo.net/fultala/fultala/blog-right.html]
[htmldemo.net/fultala/fultala/blog-details.html]
[htmldemo.net/fultala/fultala/about-us.html]
[htmldemo.net/fultala/fultala/contact-us.html]
[htmldemo.net/fultala/fultala/assets/images/product/product-01.jpg]
[htmldemo.net/fultala/fultala/assets/images/product/product-02.jpg]
[htmldemo.net/fultala/fultala/assets/images/slider/slide-bg-1.jpg]
[htmldemo.net/fultala/fultala/assets/images/slider/slide-bg-2.jpg]
[htmldemo.net/fultala/fultala/assets/images/slider/slide-bg-3.jpg]
[htmldemo.net/fultala/fultala/assets/images/product/product-03.jpg]
[htmldemo.net/fultala/fultala/assets/images/product/product-04.jpg]
[htmldemo.net/fultala/fultala/assets/images/product/product-06.jpg]
[htmldemo.net/fultala/fultala/assets/images/banner/banner-01.jpg]
[htmldemo.net/fultala/fultala/assets/images/banner/banner-02.jpg]
[htmldemo.net/fultala/fultala/assets/images/banner/banner-03.jpg]
[htmldemo.net/fultala/fultala/assets/images/product/product-09.jpg]
[htmldemo.net/fultala/fultala/assets/images/product/product-10.jpg]
[htmldemo.net/fultala/fultala/assets/images/product/product-11.jpg]
[htmldemo.net/fultala/fultala/assets/images/product/product-12.jpg]
[htmldemo.net/fultala/fultala/assets/images/product/product-05.jpg]
[htmldemo.net/fultala/fultala/assets/images/icon/quite.png]
[htmldemo.net/fultala/fultala/assets/images/blog/blog-03.jpg]
[htmldemo.net/fultala/fultala/assets/images/blog/blog-04.jpg]
[htmldemo.net/fultala/fultala/assets/images/blog/small-blog.png]
[htmldemo.net/fultala/fultala/assets/images/blog/small-blog-02.jpg]
[htmldemo.net/fultala/fultala/assets/js/vendor/modernizr-3.6.0.min.js]
[htmldemo.net/fultala/fultala/assets/js/vendor/jquery-3.5.1.min.js]
[htmldemo.net/fultala/fultala/assets/js/vendor/jquery-migrate-3.3.0.min.js]
[htmldemo.net/fultala/fultala/assets/js/vendor/popper.min.js]
[htmldemo.net/fultala/fultala/assets/js/vendor/bootstrap.min.js]
[htmldemo.net/fultala/fultala/assets/js/plugins/slick.min.js]
[htmldemo.net/fultala/fultala/assets/js/plugins/jqueryui.min.js]
[htmldemo.net/fultala/fultala/assets/js/plugins/scrollup.min.js]
[htmldemo.net/fultala/fultala/assets/js/plugins/ajax-contact.js]
[htmldemo.net/fultala/fultala/index.html]
[htmldemo.net/fultala/fultala/assets/css/vendor/bootstrap.min.css]
[htmldemo.net/fultala/fultala/assets/js/main.js]
[htmldemo.net/fultala/fultala/assets/fonts/ionicons28b5.eot]
[htmldemo.net/fultala/fultala/assets/fonts/ionicons28b5.ttf]
[htmldemo.net/fultala/fultala/assets/fonts/ionicons28b5.woff]
[htmldemo.net/fultala/fultala/assets/css/vendor/ionicons.min.css]
[htmldemo.net/fultala/fultala/assets/css/plugins/slick.css]
[htmldemo.net/fultala/fultala/assets/css/plugins/animation.css]
[htmldemo.net/fultala/fultala/assets/css/plugins/images/ui-bg_flat_75_ffffff_40x100.png]
[htmldemo.net/fultala/fultala/assets/fonts/ionicons28b5.svg]
[htmldemo.net/fultala/fultala/assets/css/plugins/images/ui-bg_highlight-soft_75_cccccc_1x100.png]
[htmldemo.net/fultala/fultala/assets/css/plugins/images/ui-bg_glass_75_e6e6e6_1x400.png]
[htmldemo.net/fultala/fultala/assets/css/plugins/images/ui-bg_glass_75_dadada_1x400.png]
[htmldemo.net/fultala/fultala/assets/css/plugins/images/ui-bg_glass_65_ffffff_1x400.png]
[htmldemo.net/fultala/fultala/assets/css/plugins/images/ui-bg_glass_55_fbf9ee_1x400.png]
[htmldemo.net/fultala/fultala/assets/css/plugins/images/ui-bg_glass_95_fef1ec_1x400.png]
[htmldemo.net/fultala/fultala/assets/css/plugins/images/ui-icons_222222_256x240.png]
[htmldemo.net/fultala/fultala/assets/css/plugins/images/ui-icons_888888_256x240.png]
[htmldemo.net/fultala/fultala/assets/css/plugins/images/ui-icons_454545_256x240.png]
[htmldemo.net/fultala/fultala/assets/css/plugins/images/ui-icons_2e83ff_256x240.png]
[htmldemo.net/fultala/fultala/assets/css/plugins/images/ui-icons_cd0a0a_256x240.png]
[htmldemo.net/fultala/fultala/assets/css/plugins/images/ui-bg_flat_0_aaaaaa_40x100.png]
[htmldemo.net/fultala/fultala/assets/css/plugins/jqueryui.min.css]
[htmldemo.net/fultala/fultala/assets/images/bg/breadcrumb-bg.jpg]
[htmldemo.net/fultala/fultala/assets/images/icon/cancel.png]
[htmldemo.net/fultala/fultala/assets/images/icon/slider-btn-01.png]
[htmldemo.net/fultala/fultala/assets/images/icon/slider-btn-active.png]
[htmldemo.net/fultala/fultala/assets/images/bg/testimonial-bg.jpg]
[htmldemo.net/fultala/fultala/assets/image/icon/testimonial-01.png]
[htmldemo.net/fultala/fultala/assets/image/icon/testimonial-02.png]
[htmldemo.net/fultala/fultala/assets/images/banner/banner.jpg]
[htmldemo.net/fultala/fultala/assets/images/icon/small-quote-icon.png]
[htmldemo.net/fultala/fultala/assets/images/icon/quote-icon01.png]
[htmldemo.net/fultala/fultala/assets/images/bg/counter-bg.jpg]
[htmldemo.net/fultala/fultala/assets/css/style.css]
[htmldemo.net/fultala/fultala/assets/images/slider/slider-two-01.jpg]
[htmldemo.net/fultala/fultala/assets/images/banner/banner-04.jpg]
[htmldemo.net/fultala/fultala/assets/images/banner/banner-05.jpg]
[htmldemo.net/fultala/fultala/assets/images/banner/banner-06.jpg]
[htmldemo.net/fultala/fultala/assets/images/product/product-08.jpg]
[htmldemo.net/fultala/fultala/assets/images/product/product-07.jpg]
[htmldemo.net/fultala/fultala/assets/images/blog/blog-01.jpg]
[htmldemo.net/fultala/fultala/assets/images/blog/blog-02.jpg]
[htmldemo.net/fultala/fultala/index-2.html]
[htmldemo.net/fultala/fultala/index-box.html]
[htmldemo.net/fultala/fultala/index-2-box.html]
[htmldemo.net/fultala/fultala/shop.html]
[htmldemo.net/fultala/fultala/compare.html]
[htmldemo.net/fultala/fultala/login-register.html]
[htmldemo.net/fultala/fultala/my-account.html]
[htmldemo.net/fultala/fultala/assets/images/blog/blog-05.jpg]
[htmldemo.net/fultala/fultala/assets/images/blog/blog-06.jpg]
[htmldemo.net/fultala/fultala/blog.html]
[htmldemo.net/fultala/fultala/assets/images/product/details/large-01.jpg]
[htmldemo.net/fultala/fultala/assets/images/product/details/large-02.jpg]
[htmldemo.net/fultala/fultala/assets/images/product/details/large-03.jpg]
[htmldemo.net/fultala/fultala/assets/images/product/details/large-04.jpg]
[htmldemo.net/fultala/fultala/assets/images/product/details/small-01.jpg]
[htmldemo.net/fultala/fultala/assets/images/product/details/small-02.jpg]
[htmldemo.net/fultala/fultala/assets/images/product/details/small-03.jpg]
[htmldemo.net/fultala/fultala/assets/images/product/details/small-04.jpg]
[htmldemo.net/fultala/fultala/assets/images/other/review-01.jpg]
[htmldemo.net/fultala/fultala/assets/images/other/review-02.jpg]
[htmldemo.net/fultala/fultala/assets/images/other/review-03.jpg]
[htmldemo.net/fultala/fultala/product-details.html]
[htmldemo.net/fultala/fultala/assets/images/product/details/w1.jpg]
[htmldemo.net/fultala/fultala/assets/images/product/details/w2.jpg]
[htmldemo.net/fultala/fultala/assets/images/product/details/w3.jpg]
[htmldemo.net/fultala/fultala/assets/images/product/details/w4.jpg]
[htmldemo.net/fultala/fultala/product-details-2.html]
[htmldemo.net/fultala/fultala/checkout.html]
[htmldemo.net/fultala/fultala/error404.html]
[htmldemo.net/fultala/fultala/assets/images/other/01.jpg]
[htmldemo.net/fultala/fultala/assets/images/other/02.jpg]
[htmldemo.net/fultala/fultala/assets/images/other/03.jpg]
[htmldemo.net/fultala/fultala/cart.html]
[htmldemo.net/fultala/fultala/wishlist.html]
[htmldemo.net/fultala/fultala/shop-right.html]
[htmldemo.net/fultala/fultala/shop-fullwidth.html]
[htmldemo.net/fultala/fultala/blog-right.html]
[htmldemo.net/fultala/fultala/assets/images/blog/blog-details-01.jpg]
[htmldemo.net/fultala/fultala/assets/images/blog/blog-details-02.jpg]
[htmldemo.net/fultala/fultala/assets/images/other/author.png]
[htmldemo.net/fultala/fultala/blog-details.html]
[htmldemo.net/fultala/fultala/assets/images/other/about-us.jpg]
[htmldemo.net/fultala/fultala/assets/images/team/team-01.jpg]
[htmldemo.net/fultala/fultala/assets/images/team/team-02.jpg]
[htmldemo.net/fultala/fultala/assets/images/team/team-03.jpg]
[htmldemo.net/fultala/fultala/assets/images/team/team-04.jpg]
[htmldemo.net/fultala/fultala/about-us.html]
[htmldemo.net/fultala/fultala/contact-us.html]
[htmldemo.net/fultala/fultala/assets/fonts/ionicons28b5.svg]
[htmldemo.net/fultala/fultala/assets/css/plugins/images/ui-bg_flat_75_ffffff_40x100.html]
[htmldemo.net/fultala/fultala/assets/css/plugins/images/ui-bg_highlight-soft_75_cccccc_1x100.html]
[htmldemo.net/fultala/fultala/assets/css/plugins/images/ui-bg_glass_75_e6e6e6_1x400.html]
[htmldemo.net/fultala/fultala/assets/css/plugins/images/ui-bg_glass_75_dadada_1x400.html]
[htmldemo.net/fultala/fultala/assets/css/plugins/images/ui-bg_glass_65_ffffff_1x400.html]
[htmldemo.net/fultala/fultala/assets/css/plugins/images/ui-bg_glass_55_fbf9ee_1x400.html]
[htmldemo.net/fultala/fultala/assets/css/plugins/images/ui-bg_glass_95_fef1ec_1x400.html]
[htmldemo.net/fultala/fultala/assets/css/plugins/images/ui-icons_222222_256x240.html]
[htmldemo.net/fultala/fultala/assets/css/plugins/images/ui-icons_888888_256x240.html]
[htmldemo.net/fultala/fultala/assets/css/plugins/images/ui-icons_454545_256x240.html]
[htmldemo.net/fultala/fultala/assets/css/plugins/images/ui-icons_2e83ff_256x240.html]
[htmldemo.net/fultala/fultala/assets/css/plugins/images/ui-icons_cd0a0a_256x240.html]
[htmldemo.net/fultala/fultala/assets/css/plugins/images/ui-bg_flat_0_aaaaaa_40x100.html]
[htmldemo.net/fultala/fultala/assets/image/icon/testimonial-01.html]
[htmldemo.net/fultala/fultala/assets/image/icon/testimonial-02.html]
